// Jest Snapshot v1, https://goo.gl/fbAQLP

exports[`NotionConnector — live API fetchJsonTableSpec snapshot — captures the v3 fetchJsonTableSpec shape as the upgrade contract 1`] = `
{
  "basePath": [],
  "defaultView": {
    "cols": [
      {
        "displayTransformer": {
          "options": {
            "arrayHandling": "concat",
            "expression": "$[*].plain_text",
          },
          "type": "jsonpath",
        },
        "kind": "col",
        "name": "Name",
        "path": "properties.Name.title",
        "type": "richtext",
      },
      {
        "kind": "col",
        "name": "Estimate",
        "path": "properties.Estimate.number",
        "type": "number",
      },
      {
        "kind": "col",
        "name": "Link",
        "path": "properties.Link.url",
        "type": "url",
      },
      {
        "kind": "col",
        "name": "Status",
        "path": "properties.Status.status",
        "selectedSubfield": 0,
        "subfields": [
          {
            "name": "Name",
            "relativePath": "name",
            "type": "string",
          },
        ],
        "type": "object",
      },
      {
        "kind": "col",
        "name": "Linked Count",
        "path": "properties.Linked Count.rollup",
        "readonly": true,
        "type": "object",
      },
      {
        "kind": "col",
        "name": "Due Date",
        "path": "properties.Due Date.date",
        "selectedSubfield": 0,
        "subfields": [
          {
            "name": "Start",
            "relativePath": "start",
            "type": "date",
          },
        ],
        "type": "object",
      },
      {
        "kind": "col",
        "name": "Owner Email",
        "path": "properties.Owner Email.email",
        "type": "string",
      },
      {
        "kind": "col",
        "name": "Done",
        "path": "properties.Done.checkbox",
        "type": "checkbox",
      },
      {
        "kind": "col",
        "name": "Tags",
        "path": "properties.Tags.multi_select",
        "type": "object",
      },
      {
        "kind": "col",
        "name": "Attachments",
        "path": "properties.Attachments.files",
        "type": "object",
      },
      {
        "kind": "col",
        "name": "Score",
        "path": "properties.Score.formula",
        "readonly": true,
        "type": "object",
      },
      {
        "kind": "col",
        "name": "Priority",
        "path": "properties.Priority.select",
        "selectedSubfield": 0,
        "subfields": [
          {
            "name": "Name",
            "relativePath": "name",
            "type": "string",
          },
        ],
        "type": "object",
      },
      {
        "kind": "col",
        "name": "Linked Items",
        "path": "properties.Linked Items.relation",
        "type": "object",
      },
      {
        "displayTransformer": {
          "options": {
            "arrayHandling": "concat",
            "expression": "$[*].plain_text",
          },
          "type": "jsonpath",
        },
        "kind": "col",
        "name": "Description",
        "path": "properties.Description.rich_text",
        "type": "richtext",
      },
      {
        "kind": "col",
        "name": "Id",
        "path": "id",
      },
      {
        "kind": "col",
        "name": "Url",
        "path": "url",
        "readonly": true,
        "type": "url",
      },
      {
        "kind": "col",
        "name": "Created Time",
        "path": "created_time",
        "readonly": true,
        "type": "date",
      },
      {
        "kind": "col",
        "name": "Last Edited Time",
        "path": "last_edited_time",
        "readonly": true,
        "type": "date",
      },
      {
        "kind": "col",
        "name": "Created By",
        "path": "created_by",
        "readonly": true,
        "selectedSubfield": 0,
        "subfields": [
          {
            "name": "Id",
            "relativePath": "id",
            "type": "string",
          },
        ],
        "type": "object",
      },
      {
        "kind": "col",
        "name": "Last Edited By",
        "path": "last_edited_by",
        "readonly": true,
        "selectedSubfield": 0,
        "subfields": [
          {
            "name": "Id",
            "relativePath": "id",
            "type": "string",
          },
        ],
        "type": "object",
      },
      {
        "kind": "col",
        "name": "In Trash",
        "path": "in_trash",
        "type": "checkbox",
      },
      {
        "kind": "col",
        "name": "Cover",
        "path": "cover",
        "type": "object",
      },
      {
        "kind": "col",
        "name": "Icon",
        "path": "icon",
        "type": "object",
      },
      {
        "kind": "col",
        "name": "Page Content",
        "path": "page_content",
        "readonly": true,
        "type": "object",
      },
      {
        "hidden": true,
        "kind": "col",
        "name": "Object",
        "path": "object",
      },
      {
        "hidden": true,
        "kind": "col",
        "name": "Parent",
        "path": "parent",
        "selectedSubfield": 0,
        "subfields": [
          {
            "name": "Database Id",
            "relativePath": "database_id",
            "type": "string",
          },
        ],
        "type": "object",
      },
      {
        "hidden": true,
        "kind": "col",
        "name": "Archived",
        "path": "archived",
        "type": "checkbox",
      },
      {
        "hidden": true,
        "kind": "col",
        "name": "Is Archived",
        "path": "is_archived",
        "type": "checkbox",
      },
      {
        "hidden": true,
        "kind": "col",
        "name": "Public Url",
        "path": "public_url",
        "type": "object",
      },
    ],
    "name": "Default",
  },
  "id": {
    "remoteId": [
      "36b81e58-1794-80d8-89a4-d65d5dd08119",
      "36b81e58-1794-80fb-bfb8-000b87a88bb4",
    ],
    "wsId": "scratch_integration_test",
  },
  "idPath": "id",
  "name": "scratch_integration_test",
  "remoteWebUrl": "https://www.notion.so/36b81e58179480d889a4d65d5dd08119",
  "schema": {
    "$id": "notion/36b81e58-1794-80d8-89a4-d65d5dd08119",
    "properties": {
      "archived": {
        "description": "Is page archived (legacy; absent under 2026-03-11+)",
        "type": "boolean",
      },
      "cover": {
        "anyOf": [
          {
            "properties": {
              "external": {
                "properties": {
                  "url": {
                    "format": "uri",
                    "type": "string",
                  },
                },
                "required": [
                  "url",
                ],
                "type": "object",
              },
              "type": {
                "const": "external",
                "type": "string",
              },
            },
            "required": [
              "type",
              "external",
            ],
            "type": "object",
          },
          {
            "properties": {
              "file": {
                "properties": {
                  "expiry_time": {
                    "type": "string",
                  },
                  "url": {
                    "format": "uri",
                    "type": "string",
                  },
                },
                "required": [
                  "url",
                  "expiry_time",
                ],
                "type": "object",
              },
              "type": {
                "const": "file",
                "type": "string",
              },
            },
            "required": [
              "type",
              "file",
            ],
            "type": "object",
          },
          {
            "type": "null",
          },
        ],
        "x-scratch-asset-field": {
          "idPath": null,
          "urlExpires": true,
        },
      },
      "created_by": {
        "description": "User who created the page",
        "properties": {
          "id": {
            "type": "string",
          },
          "object": {
            "const": "user",
            "type": "string",
          },
        },
        "required": [
          "object",
          "id",
        ],
        "type": "object",
        "x-scratch-readonly": true,
      },
      "created_time": {
        "description": "Page creation time",
        "format": "date-time",
        "type": "string",
        "x-scratch-readonly": true,
      },
      "icon": {
        "anyOf": [
          {
            "properties": {
              "emoji": {
                "type": "string",
              },
              "type": {
                "const": "emoji",
                "type": "string",
              },
            },
            "required": [
              "type",
              "emoji",
            ],
            "type": "object",
          },
          {
            "properties": {
              "external": {
                "properties": {
                  "url": {
                    "format": "uri",
                    "type": "string",
                  },
                },
                "required": [
                  "url",
                ],
                "type": "object",
              },
              "type": {
                "const": "external",
                "type": "string",
              },
            },
            "required": [
              "type",
              "external",
            ],
            "type": "object",
          },
          {
            "properties": {
              "file": {
                "properties": {
                  "expiry_time": {
                    "type": "string",
                  },
                  "url": {
                    "format": "uri",
                    "type": "string",
                  },
                },
                "required": [
                  "url",
                  "expiry_time",
                ],
                "type": "object",
              },
              "type": {
                "const": "file",
                "type": "string",
              },
            },
            "required": [
              "type",
              "file",
            ],
            "type": "object",
          },
          {
            "properties": {
              "icon": {
                "properties": {
                  "color": {
                    "type": "string",
                  },
                  "name": {
                    "type": "string",
                  },
                },
                "required": [
                  "name",
                ],
                "type": "object",
              },
              "type": {
                "const": "icon",
                "type": "string",
              },
            },
            "required": [
              "type",
              "icon",
            ],
            "type": "object",
          },
          {
            "properties": {
              "custom_emoji": {
                "properties": {
                  "id": {
                    "type": "string",
                  },
                  "name": {
                    "type": "string",
                  },
                  "url": {
                    "format": "uri",
                    "type": "string",
                  },
                },
                "required": [
                  "id",
                  "url",
                ],
                "type": "object",
              },
              "type": {
                "const": "custom_emoji",
                "type": "string",
              },
            },
            "required": [
              "type",
              "custom_emoji",
            ],
            "type": "object",
          },
          {
            "type": "null",
          },
        ],
        "x-scratch-asset-field": {
          "idPath": null,
          "urlExpires": true,
        },
      },
      "id": {
        "description": "Unique page identifier",
        "type": "string",
      },
      "in_trash": {
        "description": "Is page in trash",
        "type": "boolean",
      },
      "is_archived": {
        "description": "Is page archived (2026-03-11+)",
        "type": "boolean",
      },
      "last_edited_by": {
        "description": "User who last edited the page",
        "properties": {
          "id": {
            "type": "string",
          },
          "object": {
            "const": "user",
            "type": "string",
          },
        },
        "required": [
          "object",
          "id",
        ],
        "type": "object",
        "x-scratch-readonly": true,
      },
      "last_edited_time": {
        "description": "Last edit time",
        "format": "date-time",
        "type": "string",
        "x-scratch-last-modified-field": true,
        "x-scratch-readonly": true,
      },
      "object": {
        "const": "page",
        "description": "Object type",
        "type": "string",
      },
      "page_content": {
        "description": "Page body content (Notion blocks)",
        "items": {},
        "type": "array",
        "x-scratch-readonly": true,
        "x-scratch-suggested-transformer": {
          "type": "notion_to_html",
        },
      },
      "parent": {
        "anyOf": [
          {
            "properties": {
              "database_id": {
                "type": "string",
              },
              "type": {
                "const": "database_id",
                "type": "string",
              },
            },
            "required": [
              "type",
              "database_id",
            ],
            "type": "object",
          },
          {
            "properties": {
              "data_source_id": {
                "type": "string",
              },
              "type": {
                "const": "data_source_id",
                "type": "string",
              },
            },
            "required": [
              "type",
              "data_source_id",
            ],
            "type": "object",
          },
        ],
        "description": "Parent reference (database or data source)",
      },
      "properties": {
        "description": "Page properties",
        "properties": {
          "Attachments": {
            "description": "Attachments",
            "properties": {
              "files": {
                "items": {
                  "anyOf": [
                    {
                      "properties": {
                        "external": {
                          "properties": {
                            "url": {
                              "format": "uri",
                              "type": "string",
                            },
                          },
                          "required": [
                            "url",
                          ],
                          "type": "object",
                        },
                        "name": {
                          "type": "string",
                        },
                        "type": {
                          "const": "external",
                          "type": "string",
                        },
                      },
                      "required": [
                        "name",
                        "type",
                        "external",
                      ],
                      "type": "object",
                    },
                    {
                      "properties": {
                        "file": {
                          "properties": {
                            "expiry_time": {
                              "type": "string",
                            },
                            "url": {
                              "format": "uri",
                              "type": "string",
                            },
                          },
                          "required": [
                            "url",
                            "expiry_time",
                          ],
                          "type": "object",
                        },
                        "name": {
                          "type": "string",
                        },
                        "type": {
                          "const": "file",
                          "type": "string",
                        },
                      },
                      "required": [
                        "name",
                        "type",
                        "file",
                      ],
                      "type": "object",
                    },
                  ],
                },
                "type": "array",
              },
              "id": {
                "type": "string",
              },
              "type": {
                "const": "files",
                "type": "string",
              },
            },
            "required": [
              "id",
              "type",
              "files",
            ],
            "type": "object",
            "x-scratch-asset-field": {
              "idPath": null,
              "urlExpires": true,
            },
            "x-scratch-connector-data-type": "files",
            "x-scratch-remote-field-id": "%60GG%5C",
            "x-scratch-virtual-fields": [
              {
                "displayLabel": "Attachments",
                "suggestedTransformer": {
                  "options": {
                    "arrayHandling": "array",
                  },
                  "type": "notion_file_url",
                },
                "type": "string",
              },
            ],
          },
          "Description": {
            "description": "Description",
            "properties": {
              "id": {
                "type": "string",
              },
              "rich_text": {
                "items": {
                  "properties": {
                    "href": {
                      "anyOf": [
                        {
                          "type": "string",
                        },
                        {
                          "type": "null",
                        },
                      ],
                    },
                    "plain_text": {
                      "type": "string",
                    },
                    "text": {
                      "properties": {
                        "content": {
                          "type": "string",
                        },
                        "link": {},
                      },
                      "required": [
                        "content",
                      ],
                      "type": "object",
                    },
                    "type": {
                      "type": "string",
                    },
                  },
                  "required": [
                    "type",
                    "plain_text",
                  ],
                  "type": "object",
                },
                "type": "array",
              },
              "type": {
                "const": "rich_text",
                "type": "string",
              },
            },
            "required": [
              "id",
              "type",
              "rich_text",
            ],
            "type": "object",
            "x-scratch-connector-data-type": "rich_text",
            "x-scratch-remote-field-id": "~Uxu",
            "x-scratch-suggested-in-transformer": {
              "options": {
                "template": {
                  "rich_text": [
                    {
                      "text": {
                        "content": "$value",
                      },
                      "type": "text",
                    },
                  ],
                  "type": "rich_text",
                },
              },
              "type": "wrap_object",
            },
            "x-scratch-suggested-transformer": {
              "options": {
                "arrayHandling": "concat",
                "expression": "$.rich_text[*].plain_text",
              },
              "type": "jsonpath",
            },
          },
          "Done": {
            "description": "Done",
            "properties": {
              "checkbox": {
                "type": "boolean",
              },
              "id": {
                "type": "string",
              },
              "type": {
                "const": "checkbox",
                "type": "string",
              },
            },
            "required": [
              "id",
              "type",
              "checkbox",
            ],
            "type": "object",
            "x-scratch-connector-data-type": "checkbox",
            "x-scratch-remote-field-id": "%5BK%7BH",
            "x-scratch-suggested-in-transformer": {
              "options": {
                "template": {
                  "checkbox": "$value",
                  "type": "checkbox",
                },
              },
              "type": "wrap_object",
            },
          },
          "Due Date": {
            "description": "Due Date",
            "properties": {
              "date": {
                "anyOf": [
                  {
                    "properties": {
                      "end": {
                        "anyOf": [
                          {
                            "anyOf": [
                              {
                                "format": "date",
                                "type": "string",
                              },
                              {
                                "format": "date-time",
                                "type": "string",
                              },
                            ],
                          },
                          {
                            "type": "null",
                          },
                        ],
                      },
                      "start": {
                        "anyOf": [
                          {
                            "format": "date",
                            "type": "string",
                          },
                          {
                            "format": "date-time",
                            "type": "string",
                          },
                        ],
                      },
                      "time_zone": {
                        "anyOf": [
                          {
                            "type": "string",
                          },
                          {
                            "type": "null",
                          },
                        ],
                      },
                    },
                    "required": [
                      "start",
                    ],
                    "type": "object",
                  },
                  {
                    "type": "null",
                  },
                ],
              },
              "id": {
                "type": "string",
              },
              "type": {
                "const": "date",
                "type": "string",
              },
            },
            "required": [
              "id",
              "type",
              "date",
            ],
            "type": "object",
            "x-scratch-connector-data-type": "date",
            "x-scratch-remote-field-id": "QHsk",
            "x-scratch-suggested-in-transformer": {
              "options": {
                "template": {
                  "date": {
                    "start": "$value",
                  },
                  "type": "date",
                },
              },
              "type": "wrap_object",
            },
          },
          "Estimate": {
            "description": "Estimate",
            "properties": {
              "id": {
                "type": "string",
              },
              "number": {
                "anyOf": [
                  {
                    "type": "number",
                  },
                  {
                    "type": "null",
                  },
                ],
              },
              "type": {
                "const": "number",
                "type": "string",
              },
            },
            "required": [
              "id",
              "type",
              "number",
            ],
            "type": "object",
            "x-scratch-connector-data-type": "number",
            "x-scratch-remote-field-id": "D%3A%3EQ",
            "x-scratch-suggested-in-transformer": {
              "options": {
                "template": {
                  "number": "$value",
                  "type": "number",
                },
              },
              "type": "wrap_object",
            },
          },
          "Link": {
            "description": "Link",
            "properties": {
              "id": {
                "type": "string",
              },
              "type": {
                "const": "url",
                "type": "string",
              },
              "url": {
                "anyOf": [
                  {
                    "format": "uri",
                    "type": "string",
                  },
                  {
                    "type": "null",
                  },
                ],
              },
            },
            "required": [
              "id",
              "type",
              "url",
            ],
            "type": "object",
            "x-scratch-connector-data-type": "url",
            "x-scratch-remote-field-id": "IlY%60",
            "x-scratch-suggested-in-transformer": {
              "options": {
                "template": {
                  "type": "url",
                  "url": "$value",
                },
              },
              "type": "wrap_object",
            },
          },
          "Linked Count": {
            "description": "Linked Count",
            "properties": {
              "id": {
                "type": "string",
              },
              "rollup": {
                "properties": {
                  "array": {
                    "items": {},
                    "type": "array",
                  },
                  "date": {},
                  "function": {
                    "type": "string",
                  },
                  "number": {
                    "anyOf": [
                      {
                        "type": "number",
                      },
                      {
                        "type": "null",
                      },
                    ],
                  },
                  "type": {
                    "type": "string",
                  },
                },
                "required": [
                  "type",
                  "function",
                ],
                "type": "object",
              },
              "type": {
                "const": "rollup",
                "type": "string",
              },
            },
            "required": [
              "id",
              "type",
              "rollup",
            ],
            "type": "object",
            "x-scratch-connector-data-type": "rollup",
            "x-scratch-readonly": true,
            "x-scratch-remote-field-id": "J%40iC",
          },
          "Linked Items": {
            "description": "Linked Items",
            "properties": {
              "has_more": {
                "type": "boolean",
              },
              "id": {
                "type": "string",
              },
              "relation": {
                "items": {
                  "properties": {
                    "id": {
                      "type": "string",
                    },
                  },
                  "required": [
                    "id",
                  ],
                  "type": "object",
                },
                "type": "array",
              },
              "type": {
                "const": "relation",
                "type": "string",
              },
            },
            "required": [
              "id",
              "type",
              "relation",
            ],
            "type": "object",
            "x-scratch-connector-data-type": "relation",
            "x-scratch-foreign-key": {
              "linkedTableId": "36b81e58-1794-808e-ad29-d981a07c2ab3",
              "map": "id",
            },
            "x-scratch-remote-field-id": "%7DeDv",
          },
          "Name": {
            "description": "Name",
            "properties": {
              "id": {
                "type": "string",
              },
              "title": {
                "items": {
                  "properties": {
                    "href": {
                      "anyOf": [
                        {
                          "type": "string",
                        },
                        {
                          "type": "null",
                        },
                      ],
                    },
                    "plain_text": {
                      "type": "string",
                    },
                    "text": {
                      "properties": {
                        "content": {
                          "type": "string",
                        },
                        "link": {},
                      },
                      "required": [
                        "content",
                      ],
                      "type": "object",
                    },
                    "type": {
                      "type": "string",
                    },
                  },
                  "required": [
                    "type",
                    "plain_text",
                  ],
                  "type": "object",
                },
                "type": "array",
              },
              "type": {
                "const": "title",
                "type": "string",
              },
            },
            "required": [
              "id",
              "type",
              "title",
            ],
            "type": "object",
            "x-scratch-connector-data-type": "title",
            "x-scratch-remote-field-id": "title",
            "x-scratch-suggested-in-transformer": {
              "options": {
                "template": {
                  "title": [
                    {
                      "text": {
                        "content": "$value",
                      },
                      "type": "text",
                    },
                  ],
                  "type": "title",
                },
              },
              "type": "wrap_object",
            },
            "x-scratch-virtual-fields": [
              {
                "displayLabel": "Name",
                "suggestedTransformer": {
                  "options": {
                    "arrayHandling": "concat",
                    "expression": "$.title[*].plain_text",
                  },
                  "type": "jsonpath",
                },
                "type": "string",
              },
            ],
          },
          "Owner Email": {
            "description": "Owner Email",
            "properties": {
              "email": {
                "anyOf": [
                  {
                    "format": "email",
                    "type": "string",
                  },
                  {
                    "type": "null",
                  },
                ],
              },
              "id": {
                "type": "string",
              },
              "type": {
                "const": "email",
                "type": "string",
              },
            },
            "required": [
              "id",
              "type",
              "email",
            ],
            "type": "object",
            "x-scratch-connector-data-type": "email",
            "x-scratch-remote-field-id": "RD%5D%3E",
            "x-scratch-suggested-in-transformer": {
              "options": {
                "template": {
                  "email": "$value",
                  "type": "email",
                },
              },
              "type": "wrap_object",
            },
          },
          "Priority": {
            "description": "Priority",
            "properties": {
              "id": {
                "type": "string",
              },
              "select": {
                "anyOf": [
                  {
                    "properties": {
                      "color": {
                        "type": "string",
                      },
                      "id": {
                        "type": "string",
                      },
                      "name": {
                        "type": "string",
                      },
                    },
                    "required": [
                      "id",
                      "name",
                      "color",
                    ],
                    "type": "object",
                  },
                  {
                    "type": "null",
                  },
                ],
              },
              "type": {
                "const": "select",
                "type": "string",
              },
            },
            "required": [
              "id",
              "type",
              "select",
            ],
            "type": "object",
            "x-scratch-connector-data-type": "select",
            "x-scratch-remote-field-id": "uHj%7B",
            "x-scratch-suggested-in-transformer": {
              "options": {
                "template": {
                  "select": {
                    "name": "$value",
                  },
                  "type": "select",
                },
              },
              "type": "wrap_object",
            },
          },
          "Score": {
            "description": "Score",
            "properties": {
              "formula": {
                "anyOf": [
                  {
                    "properties": {
                      "string": {
                        "anyOf": [
                          {
                            "type": "string",
                          },
                          {
                            "type": "null",
                          },
                        ],
                      },
                      "type": {
                        "const": "string",
                        "type": "string",
                      },
                    },
                    "required": [
                      "type",
                      "string",
                    ],
                    "type": "object",
                  },
                  {
                    "properties": {
                      "number": {
                        "anyOf": [
                          {
                            "type": "number",
                          },
                          {
                            "type": "null",
                          },
                        ],
                      },
                      "type": {
                        "const": "number",
                        "type": "string",
                      },
                    },
                    "required": [
                      "type",
                      "number",
                    ],
                    "type": "object",
                  },
                  {
                    "properties": {
                      "boolean": {
                        "type": "boolean",
                      },
                      "type": {
                        "const": "boolean",
                        "type": "string",
                      },
                    },
                    "required": [
                      "type",
                      "boolean",
                    ],
                    "type": "object",
                  },
                  {
                    "properties": {
                      "date": {
                        "anyOf": [
                          {
                            "properties": {
                              "end": {
                                "type": "string",
                              },
                              "start": {
                                "type": "string",
                              },
                            },
                            "required": [
                              "start",
                            ],
                            "type": "object",
                          },
                          {
                            "type": "null",
                          },
                        ],
                      },
                      "type": {
                        "const": "date",
                        "type": "string",
                      },
                    },
                    "required": [
                      "type",
                      "date",
                    ],
                    "type": "object",
                  },
                ],
              },
              "id": {
                "type": "string",
              },
              "type": {
                "const": "formula",
                "type": "string",
              },
            },
            "required": [
              "id",
              "type",
              "formula",
            ],
            "type": "object",
            "x-scratch-connector-data-type": "formula",
            "x-scratch-readonly": true,
            "x-scratch-remote-field-id": "ii%3Eo",
          },
          "Status": {
            "description": "Status",
            "properties": {
              "id": {
                "type": "string",
              },
              "status": {
                "anyOf": [
                  {
                    "properties": {
                      "color": {
                        "type": "string",
                      },
                      "id": {
                        "type": "string",
                      },
                      "name": {
                        "type": "string",
                      },
                    },
                    "required": [
                      "id",
                      "name",
                      "color",
                    ],
                    "type": "object",
                  },
                  {
                    "type": "null",
                  },
                ],
              },
              "type": {
                "const": "status",
                "type": "string",
              },
            },
            "required": [
              "id",
              "type",
              "status",
            ],
            "type": "object",
            "x-scratch-connector-data-type": "status",
            "x-scratch-remote-field-id": "InW%7B",
          },
          "Tags": {
            "description": "Tags",
            "properties": {
              "id": {
                "type": "string",
              },
              "multi_select": {
                "items": {
                  "properties": {
                    "color": {
                      "type": "string",
                    },
                    "id": {
                      "type": "string",
                    },
                    "name": {
                      "type": "string",
                    },
                  },
                  "required": [
                    "id",
                    "name",
                    "color",
                  ],
                  "type": "object",
                },
                "type": "array",
              },
              "type": {
                "const": "multi_select",
                "type": "string",
              },
            },
            "required": [
              "id",
              "type",
              "multi_select",
            ],
            "type": "object",
            "x-scratch-connector-data-type": "multi_select",
            "x-scratch-remote-field-id": "_Ru_",
          },
        },
        "type": "object",
      },
      "public_url": {
        "anyOf": [
          {
            "format": "uri",
            "type": "string",
          },
          {
            "type": "null",
          },
        ],
      },
      "url": {
        "description": "Page URL",
        "format": "uri",
        "type": "string",
        "x-scratch-readonly": true,
      },
    },
    "required": [
      "object",
      "id",
      "created_time",
      "last_edited_time",
      "created_by",
      "last_edited_by",
      "parent",
      "properties",
      "url",
    ],
    "title": "Scratch Integration Test",
    "type": "object",
  },
  "slug": "scratch_integration_test",
  "titlePath": "properties.Name",
}
`;
